<?xml version="1.0" encoding="UTF-8"?>
<TestRun id="ed1a929e-bbfa-4f48-adb5-2abf72e15e15" name="Azelos@AZELOSWIN 2012-10-18 17:15:31" runUser="AzelosWin\Azelos" xmlns="http://microsoft.com/schemas/VisualStudio/TeamTest/2010">
  <TestSettings name="Trace and Test Impact" id="15b2e144-c902-46f0-b6f1-3216785c3fe6">
    <Description>These are test settings for Trace and Test Impact.</Description>
    <Deployment userDeploymentRoot="C:\Users\Azelos\Documents\Visual Studio 2010\Projects\PS6\TestResults" useDefaultDeploymentRoot="false" runDeploymentRoot="Azelos_AZELOSWIN 2012-10-18 17_15_31" />
    <Execution>
      <TestTypeSpecific>
        <UnitTestRunConfig testTypeId="13cdc9d9-ddb5-4fa4-a97d-d965ccfc6d4b">
          <AssemblyResolution>
            <TestDirectory useLoadContext="true" />
          </AssemblyResolution>
        </UnitTestRunConfig>
        <WebTestRunConfiguration testTypeId="4e7599fa-5ecb-43e9-a887-cd63cf72d207">
          <Browser name="Internet Explorer 7.0">
            <Headers>
              <Header name="User-Agent" value="Mozilla/4.0 (compatible; MSIE 7.0; Windows NT 5.1)" />
              <Header name="Accept" value="*/*" />
              <Header name="Accept-Language" value="{{$IEAcceptLanguage}}" />
              <Header name="Accept-Encoding" value="GZIP" />
            </Headers>
          </Browser>
        </WebTestRunConfiguration>
      </TestTypeSpecific>
      <AgentRule name="LocalMachineDefaultRole">
        <DataCollectors>
          <DataCollector uri="datacollector://microsoft/SystemInfo/1.0" assemblyQualifiedName="Microsoft.VisualStudio.TestTools.DataCollection.SystemInfo.SystemInfoDataCollector, Microsoft.VisualStudio.TestTools.DataCollection.SystemInfo, Version=10.0.0.0, Culture=neutral, PublicKeyToken=b03f5f7f11d50a3a" friendlyName="System Information">
          </DataCollector>
          <DataCollector uri="datacollector://microsoft/HttpProxy/1.0" assemblyQualifiedName="Microsoft.VisualStudio.TraceCollector.HttpProxyCollector, Microsoft.VisualStudio.TraceCollector, Version=10.0.0.0, Culture=neutral, PublicKeyToken=b03f5f7f11d50a3a" friendlyName="ASP.NET Client Proxy for IntelliTrace and Test Impact">
          </DataCollector>
          <DataCollector uri="datacollector://microsoft/TestImpact/1.0" assemblyQualifiedName="Microsoft.VisualStudio.TraceCollector.TestImpactDataCollector, Microsoft.VisualStudio.TraceCollector, Version=10.0.0.0, Culture=neutral, PublicKeyToken=b03f5f7f11d50a3a" friendlyName="Test Impact">
          </DataCollector>
          <DataCollector uri="datacollector://microsoft/TraceDebugger/1.0" assemblyQualifiedName="Microsoft.VisualStudio.TraceCollector.TraceDebuggerDataCollector, Microsoft.VisualStudio.TraceCollector, Version=10.0.0.0, Culture=neutral, PublicKeyToken=b03f5f7f11d50a3a" friendlyName="IntelliTrace">
          </DataCollector>
          <DataCollector uri="datacollector://microsoft/CodeCoverage/1.0" assemblyQualifiedName="Microsoft.VisualStudio.TestTools.CodeCoverage.CoveragePlugIn, Microsoft.VisualStudio.QualityTools.Plugins.CodeCoverage, Version=10.0.0.0, Culture=neutral, PublicKeyToken=b03f5f7f11d50a3a" friendlyName="Code Coverage">
          </DataCollector>
        </DataCollectors>
      </AgentRule>
    </Execution>
  </TestSettings>
  <Times creation="2012-10-18T17:15:31.2493255-06:00" queuing="2012-10-18T17:15:31.4521258-06:00" start="2012-10-18T17:15:34.1353306-06:00" finish="2012-10-18T17:16:51.9532665-06:00" />
  <ResultSummary outcome="Failed">
    <Counters total="1" executed="1" error="0" failed="1" timeout="0" aborted="0" inconclusive="0" passedButRunAborted="0" notRunnable="0" notExecuted="0" disconnected="0" warning="0" passed="0" completed="0" inProgress="0" pending="0" />
    <CollectorDataEntries>
      <Collector agentName="AZELOSWIN" uri="datacollector://microsoft/SystemInfo/1.0" collectorDisplayName="System Information">
        <UriAttachments>
          <UriAttachment>
            <A href="AZELOSWIN\SystemInformation.xml">System Information from AZELOSWIN</A>
          </UriAttachment>
        </UriAttachments>
      </Collector>
    </CollectorDataEntries>
  </ResultSummary>
  <TestDefinitions>
    <UnitTest name="CodedUITestMethod1" storage="c:\users\azelos\documents\visual studio 2010\projects\ps6\spreadsheetguitests\bin\debug\spreadsheetguitests.dll" id="de3240a6-47c2-08a3-9313-a359b755b64a">
      <Execution id="575e2ab5-7b95-4d5e-bc32-6aa58d02a6c8" />
      <TestMethod codeBase="C:/Users/Azelos/Documents/Visual Studio 2010/Projects/PS6/SpreadsheetGUITests/bin/Debug/SpreadsheetGUITests.DLL" adapterTypeName="Microsoft.VisualStudio.TestTools.TestTypes.Unit.UnitTestAdapter, Microsoft.VisualStudio.QualityTools.Tips.UnitTest.Adapter, Version=10.0.0.0, Culture=neutral, PublicKeyToken=b03f5f7f11d50a3a" className="SpreadsheetGUITests.Test3, SpreadsheetGUITests, Version=1.0.0.0, Culture=neutral, PublicKeyToken=null" name="CodedUITestMethod1" />
      <Extension>Microsoft.VisualStudio.TestTools.UITesting.CodedUITestAttribute, Microsoft.VisualStudio.QualityTools.CodedUITestFramework, Version=10.0.0.0, Culture=neutral, PublicKeyToken=b03f5f7f11d50a3a</Extension>
    </UnitTest>
  </TestDefinitions>
  <TestLists>
    <TestList name="Results Not in a List" id="8c84fa94-04c1-424b-9868-57a2d4851a1d" />
    <TestList name="All Loaded Results" id="19431567-8539-422a-85d7-44ee4e166bda" />
  </TestLists>
  <TestEntries>
    <TestEntry testId="de3240a6-47c2-08a3-9313-a359b755b64a" executionId="575e2ab5-7b95-4d5e-bc32-6aa58d02a6c8" testListId="8c84fa94-04c1-424b-9868-57a2d4851a1d" />
  </TestEntries>
  <Results>
    <UnitTestResult executionId="575e2ab5-7b95-4d5e-bc32-6aa58d02a6c8" testId="de3240a6-47c2-08a3-9313-a359b755b64a" testName="CodedUITestMethod1" computerName="AZELOSWIN" duration="00:01:14.2106789" startTime="2012-10-18T17:15:34.3381309-06:00" endTime="2012-10-18T17:16:51.5788658-06:00" testType="13cdc9d9-ddb5-4fa4-a97d-d965ccfc6d4b" outcome="Failed" testListId="8c84fa94-04c1-424b-9868-57a2d4851a1d" relativeResultsDirectory="575e2ab5-7b95-4d5e-bc32-6aa58d02a6c8">
      <Output>
        <DebugTrace>W, 3512, 14, 2012/10/18, 17:15:38.316, 55887233748, QTAgent32.exe, &lt;a class=success&gt;Playback - {1} [SUCCESS] MouseButtonClick - "[MSAA, VisibleOnly]ControlType='Client'"
\0&lt;/a&gt;
E, 3512, 14, 2012/10/18, 17:15:38.674, 55888051038, QTAgent32.exe, LoadLibrary() : Unable to find the resource 37382 from assembly C:\Windows\system32\en-US\ieframe.dll.mui: Error1814
E, 3512, 14, 2012/10/18, 17:15:38.674, 55888052335, QTAgent32.exe, LoadLibrary() : Unable to find the resource 41728 from assembly C:\Windows\system32\en-US\ieframe.dll.mui: Error1814
E, 3512, 14, 2012/10/18, 17:15:38.674, 55888052932, QTAgent32.exe, LoadLibrary() : Unable to find the resource 8131 from assembly C:\Windows\system32\en-US\ieframe.dll.mui: Error1814
E, 3512, 14, 2012/10/18, 17:15:38.674, 55888053505, QTAgent32.exe, LoadLibrary() : Unable to find the resource 8131 from assembly C:\Windows\system32\en-US\ieframe.dll.mui: Error1814
E, 3512, 14, 2012/10/18, 17:15:38.674, 55888054513, QTAgent32.exe, LoadLibrary() : Unable to find the resource 8131 from assembly C:\Windows\system32\en-US\ieframe.dll.mui: Error1814
E, 3512, 14, 2012/10/18, 17:15:38.674, 55888055757, QTAgent32.exe, LoadLibrary() : Unable to find the resource 803 from assembly C:\Windows\system32\en-US\user32.dll.mui: Error1814
W, 3512, 14, 2012/10/18, 17:15:39.111, 55889017144, QTAgent32.exe, &lt;a class=success&gt;Playback - {2} [SUCCESS] SetValueAsEditBox "5+5" - "[MSAA, VisibleOnly]ControlType='Edit'"  &lt; Set via SendKeys &gt;
\0&lt;/a&gt;
W, 3512, 14, 2012/10/18, 17:15:39.726, 55890389175, QTAgent32.exe, &lt;a class=success&gt;Playback - {3} [SUCCESS] MouseButtonClick - "[MSAA, VisibleOnly]ControlType='Client'"
\0&lt;/a&gt;
W, 3512, 14, 2012/10/18, 17:15:40.385, 55891865839, QTAgent32.exe, &lt;a class=success&gt;Playback - {4} [SUCCESS] MouseButtonClick - "[MSAA, VisibleOnly]ControlType='Client'"
\0&lt;/a&gt;
W, 3512, 14, 2012/10/18, 17:15:40.800, 55892800440, QTAgent32.exe, &lt;a class=success&gt;Playback - {5} [SUCCESS] SetValueAsEditBox "=%" - "[MSAA, VisibleOnly]ControlType='Edit'"  &lt; Set via SendKeys &gt;
\0&lt;/a&gt;
W, 3512, 14, 2012/10/18, 17:15:41.138, 55893567387, QTAgent32.exe, &lt;a class=success&gt;Playback - {6} [SUCCESS] SendKeys "{Enter}" - "[MSAA, VisibleOnly]ControlType='Edit'"
\0&lt;/a&gt;
W, 3512, 14, 2012/10/18, 17:15:41.558, 55894499712, QTAgent32.exe, &lt;a class=success&gt;Playback - {7} [SUCCESS] MouseButtonClick - "[MSAA, VisibleOnly]ControlType='Button' &amp;&amp; Name='OK'"
\0&lt;/a&gt;
W, 3512, 14, 2012/10/18, 17:15:41.838, 55895122019, QTAgent32.exe, &lt;a class=success&gt;Playback - {8} [SUCCESS] SendKeys "^{HOME}" - "[MSAA, VisibleOnly]ControlType='Edit'"
\0&lt;/a&gt;
E, 3512, 14, 2012/10/18, 17:15:41.838, 55895127804, QTAgent32.exe, Msaa.GetFocusedElement: could not find accessible object of foreground window
W, 3512, 14, 2012/10/18, 17:15:41.928, 55895325196, QTAgent32.exe, &lt;a class=success&gt;Playback - {9} [SUCCESS] SendKeys "^+{END}" - "[MSAA, VisibleOnly]ControlType='Edit'"
\0&lt;/a&gt;
E, 3512, 14, 2012/10/18, 17:15:41.928, 55895327783, QTAgent32.exe, Msaa.GetFocusedElement: could not find accessible object of foreground window
W, 3512, 14, 2012/10/18, 17:15:42.038, 55895571495, QTAgent32.exe, &lt;a class=success&gt;Playback - {10} [SUCCESS] SendKeys "{DELETE}" - "[MSAA, VisibleOnly]ControlType='Edit'"
\0&lt;/a&gt;
W, 3512, 14, 2012/10/18, 17:15:42.269, 55896092926, QTAgent32.exe, &lt;a class=success&gt;Playback - {11} [SUCCESS] SetValueAsEditBox "5+A1" - "[MSAA, VisibleOnly]ControlType='Edit'"  &lt; Set via SendKeys &gt;
\0&lt;/a&gt;
W, 3512, 14, 2012/10/18, 17:15:42.815, 55897313163, QTAgent32.exe, &lt;a class=success&gt;Playback - {12} [SUCCESS] MouseButtonClick - "[MSAA, VisibleOnly]ControlType='Client'"
\0&lt;/a&gt;
W, 3512, 14, 2012/10/18, 17:15:43.502, 55898855321, QTAgent32.exe, &lt;a class=success&gt;Playback - {13} [SUCCESS] SetValueAsEditBox "=A1 + C1" - "[MSAA, VisibleOnly]ControlType='Edit'"  &lt; Set via SendKeys &gt;
\0&lt;/a&gt;
W, 3512, 14, 2012/10/18, 17:15:43.831, 55899590246, QTAgent32.exe, &lt;a class=success&gt;Playback - {14} [SUCCESS] SendKeys "{Enter}" - "[MSAA, VisibleOnly]ControlType='Edit'"
\0&lt;/a&gt;
W, 3512, 14, 2012/10/18, 17:15:44.270, 55900573445, QTAgent32.exe, &lt;a class=success&gt;Playback - {15} [SUCCESS] MouseButtonClick - "[MSAA, VisibleOnly]ControlType='Button' &amp;&amp; Name='OK'"
\0&lt;/a&gt;
W, 3512, 14, 2012/10/18, 17:15:44.559, 55901220160, QTAgent32.exe, &lt;a class=success&gt;Playback - {16} [SUCCESS] SendKeys "^{HOME}" - "[MSAA, VisibleOnly]ControlType='Edit'"
\0&lt;/a&gt;
E, 3512, 14, 2012/10/18, 17:15:44.559, 55901221022, QTAgent32.exe, Msaa.GetFocusedElement: could not find accessible object of foreground window
W, 3512, 14, 2012/10/18, 17:15:44.643, 55901407820, QTAgent32.exe, &lt;a class=success&gt;Playback - {17} [SUCCESS] SendKeys "^+{END}" - "[MSAA, VisibleOnly]ControlType='Edit'"
\0&lt;/a&gt;
E, 3512, 14, 2012/10/18, 17:15:44.644, 55901410091, QTAgent32.exe, Msaa.GetFocusedElement: could not find accessible object of foreground window
W, 3512, 14, 2012/10/18, 17:15:44.729, 55901602344, QTAgent32.exe, &lt;a class=success&gt;Playback - {18} [SUCCESS] SendKeys "{DELETE}" - "[MSAA, VisibleOnly]ControlType='Edit'"
\0&lt;/a&gt;
W, 3512, 14, 2012/10/18, 17:15:44.953, 55902104577, QTAgent32.exe, &lt;a class=success&gt;Playback - {19} [SUCCESS] SetValueAsEditBox "A1+B1" - "[MSAA, VisibleOnly]ControlType='Edit'"  &lt; Set via SendKeys &gt;
\0&lt;/a&gt;
W, 3512, 14, 2012/10/18, 17:15:45.440, 55903194038, QTAgent32.exe, &lt;a class=success&gt;Playback - {20} [SUCCESS] MouseButtonClick - "[MSAA, VisibleOnly]ControlType='Button' &amp;&amp; Name='Close'"
\0&lt;/a&gt;
W, 3512, 14, 2012/10/18, 17:15:45.924, 55904280580, QTAgent32.exe, &lt;a class=success&gt;Playback - {21} [SUCCESS] MouseButtonClick - "[MSAA, VisibleOnly]ControlType='Button' &amp;&amp; Name='No'"
\0&lt;/a&gt;
W, 3512, 14, 2012/10/18, 17:15:46.034, 55904553441, QTAgent32.exe, FindScreenElementInSinglePass : Attempting to find control in one pass of search. Failures can occur.
W, 3512, 14, 2012/10/18, 17:15:46.361, 55905289733, QTAgent32.exe, Playback - [WARNING] Internal failure: Invalid bounding rectangle top location (0) for Name = "Save" ," ControlType = "MenuItem"
\0
W, 3512, 14, 2012/10/18, 17:15:46.361, 55905291302, QTAgent32.exe, Playback - [WARNING] Internal failure: Invalid bounding rectangle size (width = 0, height = 0) for Name = "Save" ," ControlType = "MenuItem"
\0
W, 3512, 14, 2012/10/18, 17:15:46.361, 55905291505, QTAgent32.exe, Playback - [WARNING] Internal failure: Couldn't get clickable point for ScreenUIElement - GetClickablePoint failed
\0
W, 3512, 14, 2012/10/18, 17:15:46.377, 55905293487, QTAgent32.exe, FindScreenElementInSinglePass : Attempting to find control in one pass of search. Failures can occur.
W, 3512, 14, 2012/10/18, 17:15:46.611, 55905845377, QTAgent32.exe, FindScreenElementInSinglePass : Attempting to find control in one pass of search. Failures can occur.
W, 3512, 14, 2012/10/18, 17:15:47.063, 55906833307, QTAgent32.exe, &lt;a class=success&gt;Playback - {22} [SUCCESS] LeftButtonClick - "[MSAA, VisibleOnly]ControlType='ToolBar' &amp;&amp; Name='toolStrip1'"  &lt; Mouse cursor location (417, 169) &gt;
\0&lt;/a&gt;
W, 3512, 14, 2012/10/18, 17:15:47.344, 55907462729, QTAgent32.exe, &lt;a class=success&gt;Playback - {23} [SUCCESS] LeftButtonClick - "[MSAA]ControlType='MenuItem' &amp;&amp; Name='File'"  &lt; Mouse cursor location (156, 169) &gt;
\0&lt;/a&gt;
W, 3512, 14, 2012/10/18, 17:15:47.781, 55908439974, QTAgent32.exe, &lt;a class=success&gt;Playback - {24} [SUCCESS] MouseButtonClick - "[MSAA]ControlType='MenuItem' &amp;&amp; Name='Save'"
\0&lt;/a&gt;
W, 3512, 14, 2012/10/18, 17:15:48.218, 55909440062, QTAgent32.exe, FindScreenElementInSinglePass : Attempting to find control in one pass of search. Failures can occur.
W, 3512, 14, 2012/10/18, 17:15:49.138, 55911500513, QTAgent32.exe, Playback - [WARNING] Internal warning: Couldn't get clickable point for ScreenUIElement since it was obscured by another UI element. See comparison tracing below
\0
W, 3512, 14, 2012/10/18, 17:15:49.403, 55912109859, QTAgent32.exe, FindScreenElementInSinglePass : Attempting to find control in one pass of search. Failures can occur.
W, 3512, 14, 2012/10/18, 17:15:49.434, 55912170875, QTAgent32.exe, FindScreenElementInSinglePass : Attempting to find control in one pass of search. Failures can occur.
W, 3512, 14, 2012/10/18, 17:15:51.899, 55917670519, QTAgent32.exe, &lt;a class=success&gt;Playback - {25} [SUCCESS] MouseButtonClick - "[MSAA, NextTo]ControlType='TreeItem' &amp;&amp; Name='Desktop' &amp;&amp; Value='1'"
\0&lt;/a&gt;
W, 3512, 14, 2012/10/18, 17:15:52.648, 55919359603, QTAgent32.exe, &lt;a class=success&gt;Playback - {26} [SUCCESS] MouseButtonClick - "[MSAA]ControlType='ListItem' &amp;&amp; Name='test3'"
\0&lt;/a&gt;
W, 3512, 14, 2012/10/18, 17:15:53.116, 55920400120, QTAgent32.exe, &lt;a class=success&gt;Playback - {27} [SUCCESS] MouseButtonClick - "[MSAA, VisibleOnly]ControlType='Button' &amp;&amp; Name='Save'"
\0&lt;/a&gt;
W, 3512, 14, 2012/10/18, 17:15:53.622, 55921530182, QTAgent32.exe, &lt;a class=success&gt;Playback - {28} [SUCCESS] MouseButtonClick - "[MSAA, VisibleOnly]ControlType='Button' &amp;&amp; Name='Yes'"
\0&lt;/a&gt;
W, 3512, 14, 2012/10/18, 17:15:54.382, 55923246638, QTAgent32.exe, &lt;a class=success&gt;Playback - {29} [SUCCESS] MouseButtonClick - "[MSAA, VisibleOnly]ControlType='Button' &amp;&amp; Name='Help'"
\0&lt;/a&gt;
E, 3512, 14, 2012/10/18, 17:15:54.482, 55923458456, QTAgent32.exe, GetClassName for handle 2295102 failed
W, 3512, 14, 2012/10/18, 17:15:54.836, 55924250868, QTAgent32.exe, &lt;a class=success&gt;Playback - {30} [SUCCESS] MouseButtonClick - "[MSAA, VisibleOnly]ControlType='Button' &amp;&amp; Name='OK'"
\0&lt;/a&gt;
W, 3512, 14, 2012/10/18, 17:15:54.945, 55924498362, QTAgent32.exe, FindScreenElementInSinglePass : Attempting to find control in one pass of search. Failures can occur.
W, 3512, 14, 2012/10/18, 17:15:55.226, 55925157838, QTAgent32.exe, Playback - [WARNING] Internal failure: Invalid bounding rectangle top location (0) for Name = "Open" ," ControlType = "MenuItem"
\0
W, 3512, 14, 2012/10/18, 17:15:55.241, 55925159242, QTAgent32.exe, Playback - [WARNING] Internal failure: Invalid bounding rectangle size (width = 0, height = 0) for Name = "Open" ," ControlType = "MenuItem"
\0
W, 3512, 14, 2012/10/18, 17:15:55.241, 55925159450, QTAgent32.exe, Playback - [WARNING] Internal failure: Couldn't get clickable point for ScreenUIElement - GetClickablePoint failed
\0
W, 3512, 14, 2012/10/18, 17:15:55.241, 55925160249, QTAgent32.exe, FindScreenElementInSinglePass : Attempting to find control in one pass of search. Failures can occur.
W, 3512, 14, 2012/10/18, 17:15:55.413, 55925576663, QTAgent32.exe, FindScreenElementInSinglePass : Attempting to find control in one pass of search. Failures can occur.
W, 3512, 14, 2012/10/18, 17:15:55.881, 55926593387, QTAgent32.exe, &lt;a class=success&gt;Playback - {31} [SUCCESS] LeftButtonClick - "[MSAA, VisibleOnly]ControlType='ToolBar' &amp;&amp; Name='toolStrip1'"  &lt; Mouse cursor location (417, 169) &gt;
\0&lt;/a&gt;
W, 3512, 14, 2012/10/18, 17:15:56.240, 55927397504, QTAgent32.exe, &lt;a class=success&gt;Playback - {32} [SUCCESS] LeftButtonClick - "[MSAA]ControlType='MenuItem' &amp;&amp; Name='File'"  &lt; Mouse cursor location (156, 169) &gt;
\0&lt;/a&gt;
W, 3512, 14, 2012/10/18, 17:16:01.809, 55939877500, QTAgent32.exe, &lt;a class=success&gt;Playback - {33} [SUCCESS] MouseButtonClick - "[MSAA]ControlType='MenuItem' &amp;&amp; Name='Open'"
\0&lt;/a&gt;
W, 3512, 14, 2012/10/18, 17:16:02.495, 55941416988, QTAgent32.exe, &lt;a class=success&gt;Playback - {34} [SUCCESS] MouseButtonClick - "[MSAA, VisibleOnly]ControlType='ToolBar' &amp;&amp; Name='Command Module'"
\0&lt;/a&gt;
W, 3512, 14, 2012/10/18, 17:16:02.604, 55941663768, QTAgent32.exe, FindScreenElementInSinglePass : Attempting to find control in one pass of search. Failures can occur.
W, 3512, 14, 2012/10/18, 17:16:03.119, 55942814290, QTAgent32.exe, &lt;a class=success&gt;Playback - {35} [SUCCESS] MouseButtonClick - "[MSAA, NextTo]ControlType='TreeItem' &amp;&amp; Name='Desktop' &amp;&amp; Value='1'"
\0&lt;/a&gt;
W, 3512, 14, 2012/10/18, 17:16:04.055, 55944910878, QTAgent32.exe, &lt;a class=success&gt;Playback - {36} [SUCCESS] DoubleClick - "[MSAA, VisibleOnly]ControlType='Edit' &amp;&amp; Name='Name'"  &lt; Mouse cursor location (413, 331) &gt;
\0&lt;/a&gt;
W, 3512, 14, 2012/10/18, 17:16:04.196, 55945240276, QTAgent32.exe, FindNTopWindows : Search will be continued for 12000 even on failure
W, 3512, 14, 2012/10/18, 17:16:05.132, 55947325077, QTAgent32.exe, &lt;a class=success&gt;Playback - {37} [SUCCESS] MouseButtonClick - "[MSAA, VisibleOnly]ControlType='Button' &amp;&amp; Name='Clear'"
\0&lt;/a&gt;
W, 3512, 14, 2012/10/18, 17:16:05.241, 55947571486, QTAgent32.exe, FindScreenElementInSinglePass : Attempting to find control in one pass of search. Failures can occur.
W, 3512, 14, 2012/10/18, 17:16:05.537, 55948238879, QTAgent32.exe, Playback - [WARNING] Internal failure: Invalid bounding rectangle top location (0) for Name = "New" ," ControlType = "MenuItem"
\0
W, 3512, 14, 2012/10/18, 17:16:05.537, 55948239935, QTAgent32.exe, Playback - [WARNING] Internal failure: Invalid bounding rectangle size (width = 0, height = 0) for Name = "New" ," ControlType = "MenuItem"
\0
W, 3512, 14, 2012/10/18, 17:16:05.537, 55948240166, QTAgent32.exe, Playback - [WARNING] Internal failure: Couldn't get clickable point for ScreenUIElement - GetClickablePoint failed
\0
W, 3512, 14, 2012/10/18, 17:16:05.537, 55948240967, QTAgent32.exe, FindScreenElementInSinglePass : Attempting to find control in one pass of search. Failures can occur.
W, 3512, 14, 2012/10/18, 17:16:05.724, 55948674214, QTAgent32.exe, FindScreenElementInSinglePass : Attempting to find control in one pass of search. Failures can occur.
W, 3512, 14, 2012/10/18, 17:16:06.130, 55949561391, QTAgent32.exe, &lt;a class=success&gt;Playback - {38} [SUCCESS] LeftButtonClick - "[MSAA, VisibleOnly]ControlType='ToolBar' &amp;&amp; Name='toolStrip1'"  &lt; Mouse cursor location (327, 79) &gt;
\0&lt;/a&gt;
W, 3512, 14, 2012/10/18, 17:16:06.504, 55950401833, QTAgent32.exe, &lt;a class=success&gt;Playback - {39} [SUCCESS] LeftButtonClick - "[MSAA]ControlType='MenuItem' &amp;&amp; Name='File'"  &lt; Mouse cursor location (66, 79) &gt;
\0&lt;/a&gt;
W, 3512, 14, 2012/10/18, 17:16:12.698, 55964279764, QTAgent32.exe, &lt;a class=success&gt;Playback - {40} [SUCCESS] MouseButtonClick - "[MSAA]ControlType='MenuItem' &amp;&amp; Name='New'"
\0&lt;/a&gt;
W, 3512, 14, 2012/10/18, 17:16:12.807, 55964525478, QTAgent32.exe, FindNTopWindows : Search will be continued for 12000 even on failure
W, 3512, 14, 2012/10/18, 17:16:13.384, 55965832239, QTAgent32.exe, &lt;a class=success&gt;Playback - {41} [SUCCESS] MouseButtonClick - "[MSAA, VisibleOnly]ControlType='Button' &amp;&amp; Name='Close'"
\0&lt;/a&gt;
W, 3512, 14, 2012/10/18, 17:16:13.493, 55966066865, QTAgent32.exe, FindScreenElementInSinglePass : Attempting to find control in one pass of search. Failures can occur.
W, 3512, 14, 2012/10/18, 17:16:13.774, 55966720655, QTAgent32.exe, Playback - [WARNING] Internal failure: Invalid bounding rectangle top location (0) for Name = "Close" ," ControlType = "MenuItem"
\0
W, 3512, 14, 2012/10/18, 17:16:13.774, 55966721990, QTAgent32.exe, Playback - [WARNING] Internal failure: Invalid bounding rectangle size (width = 0, height = 0) for Name = "Close" ," ControlType = "MenuItem"
\0
W, 3512, 14, 2012/10/18, 17:16:13.774, 55966722194, QTAgent32.exe, Playback - [WARNING] Internal failure: Couldn't get clickable point for ScreenUIElement - GetClickablePoint failed
\0
W, 3512, 14, 2012/10/18, 17:16:13.774, 55966723057, QTAgent32.exe, FindScreenElementInSinglePass : Attempting to find control in one pass of search. Failures can occur.
W, 3512, 14, 2012/10/18, 17:16:13.992, 55967210160, QTAgent32.exe, FindScreenElementInSinglePass : Attempting to find control in one pass of search. Failures can occur.
W, 3512, 14, 2012/10/18, 17:16:14.398, 55968090399, QTAgent32.exe, &lt;a class=success&gt;Playback - {42} [SUCCESS] LeftButtonClick - "[MSAA, VisibleOnly]ControlType='ToolBar' &amp;&amp; Name='toolStrip1'"  &lt; Mouse cursor location (327, 79) &gt;
\0&lt;/a&gt;
W, 3512, 14, 2012/10/18, 17:16:14.788, 55968963953, QTAgent32.exe, &lt;a class=success&gt;Playback - {43} [SUCCESS] LeftButtonClick - "[MSAA]ControlType='MenuItem' &amp;&amp; Name='File'"  &lt; Mouse cursor location (66, 79) &gt;
\0&lt;/a&gt;
W, 3512, 14, 2012/10/18, 17:16:15.272, 55970048039, QTAgent32.exe, &lt;a class=success&gt;Playback - {44} [SUCCESS] MouseButtonClick - "[MSAA]ControlType='MenuItem' &amp;&amp; Name='Close'"
\0&lt;/a&gt;
W, 3512, 14, 2012/10/18, 17:16:15.381, 55970295325, QTAgent32.exe, FindScreenElementInSinglePass : Attempting to find control in one pass of search. Failures can occur.
W, 3512, 14, 2012/10/18, 17:16:15.677, 55970962830, QTAgent32.exe, Playback - [WARNING] Internal failure: Invalid bounding rectangle top location (0) for Name = "Open" ," ControlType = "MenuItem"
\0
W, 3512, 14, 2012/10/18, 17:16:15.677, 55970963857, QTAgent32.exe, Playback - [WARNING] Internal failure: Invalid bounding rectangle size (width = 0, height = 0) for Name = "Open" ," ControlType = "MenuItem"
\0
W, 3512, 14, 2012/10/18, 17:16:15.677, 55970964019, QTAgent32.exe, Playback - [WARNING] Internal failure: Couldn't get clickable point for ScreenUIElement - GetClickablePoint failed
\0
W, 3512, 14, 2012/10/18, 17:16:15.677, 55970964841, QTAgent32.exe, FindScreenElementInSinglePass : Attempting to find control in one pass of search. Failures can occur.
W, 3512, 14, 2012/10/18, 17:16:15.864, 55971399239, QTAgent32.exe, FindScreenElementInSinglePass : Attempting to find control in one pass of search. Failures can occur.
W, 3512, 14, 2012/10/18, 17:16:16.270, 55972286464, QTAgent32.exe, &lt;a class=success&gt;Playback - {45} [SUCCESS] LeftButtonClick - "[MSAA, VisibleOnly]ControlType='ToolBar' &amp;&amp; Name='toolStrip1'"  &lt; Mouse cursor location (417, 169) &gt;
\0&lt;/a&gt;
W, 3512, 14, 2012/10/18, 17:16:16.660, 55973159122, QTAgent32.exe, &lt;a class=success&gt;Playback - {46} [SUCCESS] LeftButtonClick - "[MSAA]ControlType='MenuItem' &amp;&amp; Name='File'"  &lt; Mouse cursor location (156, 169) &gt;
\0&lt;/a&gt;
W, 3512, 14, 2012/10/18, 17:16:22.229, 55985639913, QTAgent32.exe, &lt;a class=success&gt;Playback - {47} [SUCCESS] MouseButtonClick - "[MSAA]ControlType='MenuItem' &amp;&amp; Name='Open'"
\0&lt;/a&gt;
W, 3512, 14, 2012/10/18, 17:16:22.385, 55985993209, QTAgent32.exe, FindScreenElementInSinglePass : Attempting to find control in one pass of search. Failures can occur.
W, 3512, 14, 2012/10/18, 17:16:23.134, 55987667370, QTAgent32.exe, &lt;a class=success&gt;Playback - {48} [SUCCESS] MouseButtonClick - "[MSAA, NextTo]ControlType='TreeItem' &amp;&amp; Name='Desktop' &amp;&amp; Value='1'"
\0&lt;/a&gt;
W, 3512, 14, 2012/10/18, 17:16:23.968, 55989535230, QTAgent32.exe, &lt;a class=success&gt;Playback - {49} [SUCCESS] DoubleClick - "[MSAA, VisibleOnly]ControlType='Edit' &amp;&amp; Name='Name'"  &lt; Mouse cursor location (395, 319) &gt;
\0&lt;/a&gt;
W, 3512, 14, 2012/10/18, 17:16:24.068, 55989760500, QTAgent32.exe, FindNTopWindows : Search will be continued for 12000 even on failure
W, 3512, 14, 2012/10/18, 17:16:24.135, 55989909614, QTAgent32.exe, FindScreenElementInSinglePass : Attempting to find control in one pass of search. Failures can occur.
W, 3512, 14, 2012/10/18, 17:16:24.505, 55990738984, QTAgent32.exe, Playback - [WARNING] Internal failure: Invalid bounding rectangle top location (0) for Name = "Close" ," ControlType = "MenuItem"
\0
W, 3512, 14, 2012/10/18, 17:16:24.506, 55990740457, QTAgent32.exe, Playback - [WARNING] Internal failure: Invalid bounding rectangle size (width = 0, height = 0) for Name = "Close" ," ControlType = "MenuItem"
\0
W, 3512, 14, 2012/10/18, 17:16:24.506, 55990740707, QTAgent32.exe, Playback - [WARNING] Internal failure: Couldn't get clickable point for ScreenUIElement - GetClickablePoint failed
\0
W, 3512, 14, 2012/10/18, 17:16:24.506, 55990741640, QTAgent32.exe, FindScreenElementInSinglePass : Attempting to find control in one pass of search. Failures can occur.
W, 3512, 14, 2012/10/18, 17:16:24.767, 55991326422, QTAgent32.exe, FindScreenElementInSinglePass : Attempting to find control in one pass of search. Failures can occur.
W, 3512, 14, 2012/10/18, 17:16:24.994, 55991835884, QTAgent32.exe, &lt;a class=success&gt;Playback - {50} [SUCCESS] LeftButtonClick - "[MSAA, VisibleOnly]ControlType='ToolBar' &amp;&amp; Name='toolStrip1'"  &lt; Mouse cursor location (387, 139) &gt;
\0&lt;/a&gt;
W, 3512, 14, 2012/10/18, 17:16:25.324, 55992574451, QTAgent32.exe, &lt;a class=success&gt;Playback - {51} [SUCCESS] LeftButtonClick - "[MSAA]ControlType='MenuItem' &amp;&amp; Name='File'"  &lt; Mouse cursor location (126, 139) &gt;
\0&lt;/a&gt;
W, 3512, 14, 2012/10/18, 17:16:25.823, 55993692912, QTAgent32.exe, &lt;a class=success&gt;Playback - {52} [SUCCESS] MouseButtonClick - "[MSAA]ControlType='MenuItem' &amp;&amp; Name='Close'"
\0&lt;/a&gt;
W, 3512, 14, 2012/10/18, 17:16:26.431, 55995062988, QTAgent32.exe, Playback - [WARNING] Internal warning: Window Not Found: [VisibleOnly]ControlType='Window' &amp;&amp; Name='SpreadsheetProgram' &amp;&amp; ClassName='#32770'
\0
E, 3512, 14, 2012/10/18, 17:16:26.431, 55995064088, QTAgent32.exe, &lt;a class=failure&gt;Playback - {53} [FAILED] Function ElementFetcher::FindScreenElement failed to locate UI element (Searching: ;[VisibleOnly]ControlType='Window' &amp;&amp; Name='SpreadsheetProgram' &amp;&amp; ClassName='#32770') (The object specified was not found.)
\0&lt;/a&gt;
E, 3512, 14, 2012/10/18, 17:16:26.681, 55995646319, QTAgent32.exe, Playback - [IMAGE] C:\Users\Azelos\AppData\Local\Temp\UITestLogs\LastRun\RPF42D1.png
\0
W, 3512, 14, 2012/10/18, 17:16:26.681, 55995646735, QTAgent32.exe, Playback - [WARNING] Internal warning: Couldn't find descendants that match QueryId
\0
W, 3512, 14, 2012/10/18, 17:16:26.681, 55995647623, QTAgent32.exe, PERF WARNING: FindTopLevelWindowHelper::FindAllDescendents: took 762 ms. Expected it to take maximum 500 ms.
W, 3512, 14, 2012/10/18, 17:16:44.839, 56036340287, QTAgent32.exe, Playback - [WARNING] Internal warning: Window Not Found: [VisibleOnly]ControlType='Window' &amp;&amp; Name='SpreadsheetProgram' &amp;&amp; ClassName='#32770'
\0
E, 3512, 14, 2012/10/18, 17:16:44.839, 56036341027, QTAgent32.exe, &lt;a class=failure&gt;Playback - {54} [FAILED] Function ElementFetcher::FindScreenElement failed to locate UI element (Searching: ;[VisibleOnly]ControlType='Window' &amp;&amp; Name='SpreadsheetProgram' &amp;&amp; ClassName='#32770') (The object specified was not found.)
\0&lt;/a&gt;
E, 3512, 14, 2012/10/18, 17:16:45.089, 56036893992, QTAgent32.exe, Playback - [IMAGE] C:\Users\Azelos\AppData\Local\Temp\UITestLogs\LastRun\RPF8ABA.png
\0
W, 3512, 14, 2012/10/18, 17:16:45.089, 56036894421, QTAgent32.exe, Playback - [WARNING] Internal warning: Couldn't find descendants that match QueryId
\0
W, 3512, 14, 2012/10/18, 17:16:45.089, 56036895269, QTAgent32.exe, PERF WARNING: FindTopLevelWindowHelper::FindAllDescendents: took 18399 ms. Expected it to take maximum 500 ms.
W, 3512, 14, 2012/10/18, 17:16:45.666, 56038165012, QTAgent32.exe, Playback - [WARNING] Internal warning: Smart Match failed
\0
W, 3512, 14, 2012/10/18, 17:16:46.150, 56039264635, QTAgent32.exe, Playback - [WARNING] Internal warning: Smart Match failed
\0
W, 3512, 14, 2012/10/18, 17:16:46.664, 56040429653, QTAgent32.exe, Playback - [WARNING] Internal warning: Smart Match failed
\0
W, 3512, 14, 2012/10/18, 17:16:47.132, 56041449464, QTAgent32.exe, Playback - [WARNING] Internal warning: Smart Match failed
\0
W, 3512, 14, 2012/10/18, 17:16:47.616, 56042536366, QTAgent32.exe, Playback - [WARNING] Internal warning: Smart Match failed
\0
W, 3512, 14, 2012/10/18, 17:16:48.146, 56043723410, QTAgent32.exe, Playback - [WARNING] Internal warning: Smart Match failed
\0
W, 3512, 14, 2012/10/18, 17:16:48.443, 56044411608, QTAgent32.exe, Playback - [WARNING] Internal warning: Window Not Found: [VisibleOnly]ControlType='Window' &amp;&amp; Name='SpreadsheetProgram' &amp;&amp; ClassName='#32770'
\0
E, 3512, 14, 2012/10/18, 17:16:48.443, 56044412007, QTAgent32.exe, &lt;a class=failure&gt;Playback - {55} [FAILED] Function ElementFetcher::FindScreenElement failed to locate UI element (Searching: ;[VisibleOnly]ControlType='Window' &amp;&amp; Name='SpreadsheetProgram' &amp;&amp; ClassName='#32770') (The object specified was not found.)
\0&lt;/a&gt;
E, 3512, 14, 2012/10/18, 17:16:48.677, 56044928903, QTAgent32.exe, Playback - [IMAGE] C:\Users\Azelos\AppData\Local\Temp\UITestLogs\LastRun\RPF98CF.png
\0
W, 3512, 14, 2012/10/18, 17:16:48.677, 56044929305, QTAgent32.exe, Playback - [WARNING] Internal warning: Couldn't find descendants that match QueryId
\0
W, 3512, 14, 2012/10/18, 17:16:48.677, 56044930144, QTAgent32.exe, PERF WARNING: FindTopLevelWindowHelper::FindAllDescendents: took 3585 ms. Expected it to take maximum 500 ms.
E, 3512, 14, 2012/10/18, 17:16:48.677, 56044932233, QTAgent32.exe, Exception: System.Runtime.InteropServices.COMException
	Message: Error HRESULT E_FAIL has been returned from a call to a COM component.
	Stack Trace:    at Microsoft.VisualStudio.TestTools.UITest.Playback.Engine.IRPFPlayback.FindAllScreenElements(IScreenElement pScreenElementStart, String bstrQueryId, Object&amp; pvarResKeys, Int32 cResKeys, Int32 nMaxDepth, Object[]&amp; foundDescendants)
   at Microsoft.VisualStudio.TestTools.UITest.Playback.ScreenElement.FindTopLevelWindowHelper(String queryId)
	BaseExceptionMessage: Error HRESULT E_FAIL has been returned from a call to a COM component.

E, 3512, 14, 2012/10/18, 17:16:48.755, 56045101087, QTAgent32.exe, EnsureValid called via EnsureValid call for same element
E, 3512, 14, 2012/10/18, 17:16:48.755, 56045102781, QTAgent32.exe, Window 4457848 not responding. Last Win32 error 2
E, 3512, 14, 2012/10/18, 17:16:48.755, 56045102946, QTAgent32.exe, GetClassName for handle 4457848 failed
E, 3512, 14, 2012/10/18, 17:16:48.880, 56045368934, QTAgent32.exe, AL: Playback Error: Microsoft.VisualStudio.TestTools.UITest.Extension.UITestControlNotAvailableException: The control is not available or not valid. Additional Details: 
TechnologyName:  'MSAA'
Name:  'SpreadsheetProgram'
ClassName:  '#32770'
ControlType:  'Window'
 ---&gt; System.Runtime.InteropServices.COMException: Error HRESULT E_FAIL has been returned from a call to a COM component.
   at Microsoft.VisualStudio.TestTools.UITest.Playback.Engine.IRPFPlayback.FindAllScreenElements(IScreenElement pScreenElementStart, String bstrQueryId, Object&amp; pvarResKeys, Int32 cResKeys, Int32 nMaxDepth, Object[]&amp; foundDescendants)
   at Microsoft.VisualStudio.TestTools.UITest.Playback.ScreenElement.FindTopLevelWindowHelper(String queryId)
   at Microsoft.VisualStudio.TestTools.UITest.Playback.ScreenElement.FindFromPartialQueryId(String queryId)
   at Microsoft.VisualStudio.TestTools.UITesting.UITestControl.EnsureValid(Boolean waitForReady, Boolean refetch)
   --- End of inner exception stack trace ---
   at Microsoft.VisualStudio.TestTools.UITesting.UITestControl.EnsureValid(Boolean waitForReady, Boolean refetch)
   at Microsoft.VisualStudio.TestTools.UITesting.UITestControl.EnsureValid(Boolean waitForReady)
   at Microsoft.VisualStudio.TestTools.UITesting.UITestControl.EnsureValid()
   at Microsoft.VisualStudio.TestTools.UITesting.UITestControl.FindFirstDescendant(String queryId, Int32 maxDepth, Int32&amp; timeLeft)
   at Microsoft.VisualStudio.TestTools.UITesting.SearchHelper.GetElement(Boolean useCache, ISearchArgument searchArg)
   at Microsoft.VisualStudio.TestTools.UITesting.SearchHelper.Search(ISearchArgument searchArg)
   at Microsoft.VisualStudio.TestTools.UITesting.UITestControl.FindInternal()
   at Microsoft.VisualStudio.TestTools.UITesting.UITestControl.FindControlIfNecessary()
   at Microsoft.VisualStudio.TestTools.UITesting.UITestControl.Click(MouseButtons button, ModifierKeys modifierKeys, Point relativeCoordinates)
   at Microsoft.VisualStudio.TestTools.UITesting.Mouse.ClickImplementation(UITestControl control, MouseButtons button, ModifierKeys modifierKeys, Point relativeCoordinate)
   at Microsoft.VisualStudio.TestTools.UITesting.Mouse.ClickImplementationWrapper(UITestControl control, MouseButtons button, ModifierKeys modifierKeys, Point relativeCoordinate)
W, 3512, 14, 2012/10/18, 17:16:49.098, 56045878583, QTAgent32.exe, IEDOM : StopSession of the plugin called before StartSession
W, 3512, 14, 2012/10/18, 17:16:49.098, 56045878880, QTAgent32.exe, UIA : StopSession of the plugin called before StartSession
</DebugTrace>
        <ErrorInfo>
          <Message>Test method SpreadsheetGUITests.Test3.CodedUITestMethod1 threw exception: 
Microsoft.VisualStudio.TestTools.UITest.Extension.UITestControlNotAvailableException: The control is not available or not valid. Additional Details: 
TechnologyName:  'MSAA'
Name:  'SpreadsheetProgram'
ClassName:  '#32770'
ControlType:  'Window'
 ---&gt; System.Runtime.InteropServices.COMException: Error HRESULT E_FAIL has been returned from a call to a COM component.</Message>
          <StackTrace>    at Microsoft.VisualStudio.TestTools.UITest.Playback.Engine.IRPFPlayback.FindAllScreenElements(IScreenElement pScreenElementStart, String bstrQueryId, Object&amp; pvarResKeys, Int32 cResKeys, Int32 nMaxDepth, Object[]&amp; foundDescendants)
   at Microsoft.VisualStudio.TestTools.UITest.Playback.ScreenElement.FindTopLevelWindowHelper(String queryId)
   at Microsoft.VisualStudio.TestTools.UITest.Playback.ScreenElement.FindFromPartialQueryId(String queryId)
   at Microsoft.VisualStudio.TestTools.UITesting.UITestControl.EnsureValid(Boolean waitForReady, Boolean refetch)
 --- End of inner exception stack trace ---
    at Microsoft.VisualStudio.TestTools.UITesting.UITestControl.EnsureValid(Boolean waitForReady, Boolean refetch)
   at Microsoft.VisualStudio.TestTools.UITesting.UITestControl.EnsureValid(Boolean waitForReady)
   at Microsoft.VisualStudio.TestTools.UITesting.UITestControl.EnsureValid()
   at Microsoft.VisualStudio.TestTools.UITesting.UITestControl.FindFirstDescendant(String queryId, Int32 maxDepth, Int32&amp; timeLeft)
   at Microsoft.VisualStudio.TestTools.UITesting.SearchHelper.GetElement(Boolean useCache, ISearchArgument searchArg)
   at Microsoft.VisualStudio.TestTools.UITesting.SearchHelper.Search(ISearchArgument searchArg)
   at Microsoft.VisualStudio.TestTools.UITesting.UITestControl.FindInternal()
   at Microsoft.VisualStudio.TestTools.UITesting.UITestControl.FindControlIfNecessary()
   at Microsoft.VisualStudio.TestTools.UITesting.UITestControl.Click(MouseButtons button, ModifierKeys modifierKeys, Point relativeCoordinates)
   at Microsoft.VisualStudio.TestTools.UITesting.Mouse.ClickImplementation(UITestControl control, MouseButtons button, ModifierKeys modifierKeys, Point relativeCoordinate)
   at Microsoft.VisualStudio.TestTools.UITesting.Mouse.ClickImplementationWrapper(UITestControl control, MouseButtons button, ModifierKeys modifierKeys, Point relativeCoordinate)
   at Microsoft.VisualStudio.TestTools.UITesting.Mouse.Click(UITestControl control, Point relativeCoordinate)
   at SpreadsheetGUITests.UIMap.RecordedMethod5() in C:\Users\Azelos\Documents\Visual Studio 2010\Projects\PS6\SpreadsheetGUITests\UIMap.Designer.cs:line 522
   at SpreadsheetGUITests.Test3.CodedUITestMethod1() in C:\Users\Azelos\Documents\Visual Studio 2010\Projects\PS6\SpreadsheetGUITests\Test3.cs:line 30
</StackTrace>
        </ErrorInfo>
      </Output>
      <ResultFiles>
        <ResultFile path="AZELOSWIN\CodedUITestMethod1.png" />
      </ResultFiles>
      <CollectorDataEntries>
        <Collector agentName="AZELOSWIN" uri="datacollector://microsoft/SystemInfo/1.0" collectorDisplayName="System Information">
          <UriAttachments>
            <UriAttachment>
              <A href="AZELOSWIN\SystemInformation.xml">System Information from AZELOSWIN</A>
            </UriAttachment>
          </UriAttachments>
        </Collector>
        <Collector agentName="AZELOSWIN" uri="datacollector://microsoft/TraceDebugger/1.0" collectorDisplayName="IntelliTrace">
          <UriAttachments>
            <UriAttachment>
              <A href="AZELOSWIN\QTAgent32_121018_171649207_3512.iTrace">IntelliTrace file for 'QTAgent32.exe' (3512)</A>
            </UriAttachment>
            <UriAttachment>
              <A href="AZELOSWIN\SpreadsheetGUI_121018_171651017_3060.iTrace">IntelliTrace file for 'SpreadsheetGUI.exe' (3060)</A>
            </UriAttachment>
          </UriAttachments>
        </Collector>
      </CollectorDataEntries>
      <ExtensionResult>Exception has been thrown by the target of an invocation.</ExtensionResult>
    </UnitTestResult>
  </Results>
</TestRun>